a
ai
an
ang
ao
ba
bai
ban
bang
bao
bei
ben
beng
bian
biao
bi
bie
bin
bing
bo
bu
ca
cai
can
cang
cao
ce
cen
ceng
cha
chai
chan
chang
chao
che
chen
cheng
chi
chong
chou
chuai
chuan
chuang
chu
chui
chun
chuo
ci
cong
cou
cuan
cu
cui
cun
cuo
da
dai
dan
dang
dao
de
dei
den
deng
dia
dian
diao
di
die
ding
diu
dou
duan
du
dui
dun
duo
e
ei
en
eng
er
fa
fan
fang
fei
fen
feng
fo
fou
fu
ga
gai
gan
gang
gao
ge
gei
gen
geng
gong
gou
gua
guai
guang
guan
gu
gui
gun
guo
ha
hai
hang
han
hao
he
hei
heng
hen
hong
hou
hua
huai
huang
huan
hu
hui
hun
huo
jia
jiang
jian
jiao
jie
ji
jing
jin
jiong
jiu
juan
jue
ju
jun
kai
ka
kang
kan
kao
ke
keng
ken
kong
kou
kuai
kua
kuang
kuan
kui
ku
kun
kuo
lai
la
lang
lan
lao
lei
le
leng
lia
liang
lian
liao
lie
li
ling
lin
liu
long
lou
luan
lu
lun
luo
lve
lv
mai
ma
mang
man
mao
mei
me
meng
men
mian
miao
mie
mi
ming
min
miu
mo
mou
mu
nai
na
nang
nan
nao
nei
ne
neng
nen
niang
nian
niao
nie
ning
ni
nin
niu
nong
nou
nuan
nu
nuo
nve
nv
o
ou
pai
pang
pan
pao
pa
pei
peng
pen
pian
piao
pie
ping
pin
pi
po
pou
pu
qiang
qian
qiao
qia
qie
qing
qin
qiong
qi
qiu
quan
que
qun
qu
rang
ran
rao
reng
ren
re
ri
rong
rou
ruan
rui
run
ruo
ru
sai
sang
san
sao
sa
seng
sen
se
shai
shang
shan
shao
sha
shei
sheng
shen
she
shi
shou
shuai
shuang
shuan
shua
shui
shun
shuo
shu
si
song
sou
suan
sui
sun
suo
su
tai
tang
tan
tao
ta
tei
teng
te
tian
tiao
tie
ting
ti
tong
tou
tuan
tui
tun
tuo
tu
wai
wang
wan
wa
wei
weng
wen
wo
wu
xiang
xian
xiao
xia
xie
xing
xin
xiong
xiu
xi
xuan
xue
xun
xu
yang
yan
yao
ya
ye
ying
yin
yi
yong
you
yuan
yue
yun
yu
zai
zang
zan
zao
zao
za
zei
zei
zeng
zen
ze
zhai
zhang
zhan
zhao
zha
zhei
zheng
zhen
zhe
zhi
zhong
zhou
zhuai
zhuang
zhuan
zhua
zhui
zhun
zhuo
zhu
zi
zong
zou
zuan
zui
zun
zuo
zu
<s>
</s>
<sil>
++laugh++
++lipsmack++
++cough++
++breath++
++incomplete++
